// Jest Snapshot v1, https://goo.gl/fbAQLP

exports[`should render Card component 1`] = `
<div
  className="tc bg-light-green dib br3 pa3 ma2 grow bw2 shadow-5"
>
  <img
    alt="robots"
    src="https://robohash.org/1?size=200x200"
  />
  <div>
    <h2>
      name
    </h2>
    <p>
      email@email.com
    </p>
  </div>
</div>
`;
