// Jest Snapshot v1, https://goo.gl/fbAQLP

exports[`renders ErrorBoundary 1`] = `<Component />`;
