// Jest Snapshot v1, https://goo.gl/fbAQLP

exports[`should render Header component 1`] = `
<div>
  <h1
    className="f1"
  >
    RoboFriends
  </h1>
  <CounterButton
    color="red"
  />
</div>
`;
